MAP
EXTENT -6.67 49.62 2.59 56.12
IMAGETYPE PNG
SIZE 2048 2048
SYMBOLSET "/mapserver/helpers/symbols.sym"
FONTSET "/mapserver/helpers/fonts/fonts.list"
SHAPEPATH "/mapserver/data/"
NAME "WMS"
STATUS ON
PROJECTION
"init=epsg:4326"
END
LEGEND
KEYSPACING 5 7
KEYSIZE 20 15
LABEL
TYPE TRUETYPE
FONT opensans-semibold
SIZE 10
POSITION AUTO
PARTIALS FALSE
END
END
WEB
IMAGEPATH "/ms4w/tmp/ms_tmp/"
IMAGEURL "/ms_tmp/"
METADATA
"wms_onlineresource" "https://catalogue.ceh.ac.uk/maps/mapserver-shapefile?"
"wms_inspire_capabilities" "url"
"wms_languages" "eng"
"wms_inspire_metadataurl_href" "https://catalogue.ceh.ac.uk/history/2ff701c21ce191242a532a837a505ec90743384f/mapserver-shapefile"
"wms_inspire_metadataurl_format" "application/vnd.iso.19139+xml"
"wms_title" "Demo of MapServer Shapefile service"
"wms_abstract" "This is a metadata record which demonstrates a mapserver poweredview service"
"wms_keywordlist" "Silly,Map Server,Odd looking,2016"
"wms_keywordlist_vocabulary" "ISO"
"wms_keywordlist_ISO_items" "infoMapAccessService"
"wms_contactperson" ""
"wms_contactorganization" "Environmental Information Data Centre"
"wms_contactposition" "pointOfContact"
"wms_addresstype" "Postal"
"wms_address" "Centre for Ecology & Hydrology, Lancaster Environment Centre, Library Avenue, Bailrigg"
"wms_city" "Lancaster"
"wms_stateorprovince" "Lancashire"
"wms_postcode" "LA1 4AP"
"wms_country" "UK"
"wms_contactvoicetelephone" ""
"wms_contactfacsimiletelephone" ""
"wms_contactelectronicmailaddress" "eidc@ceh.ac.uk"
"wms_accessconstraints" "None"
"wms_fess" "None"
"wms_enable_request" "GetCapabilities GetMap GetLegendGraphic GetFeatureInfo"
"wms_getmap_formatlist" "image/jpeg,image/tiff,image/png"
"wms_srs" "CRS:84 EPSG:4326 EPSG:3857 EPSG:3035 EPSG:27700 EPSG:4258"
"wms_bbox_extended" "true"
"wms_style_name" "inspire_common:DEFAULT"
"wms_style_title" "inspire_common:DEFAULT"
"wms_sld_enabled" "false"
"wms_getfeatureinfo_formatlist" "text/xml,application/json"
END
END
LAYER
PROJECTION "init=epsg:27700" END
PROCESSING "POLYLINE_NO_CLIP=True"
NAME "ukdata"
TYPE polygon
TEMPLATE "dummy"
STATUS ON
METADATA
"wms_title" "ukdata"
"wms_style" "inspire_common:DEFAULT"
"gml_include_items" "all"
"wms_include_items" "all"
END
DATA "shapefile/map"
CLASSITEM "id"
CLASS
NAME "Helmet"
EXPRESSION "1"
STYLE
COLOR "#0000ff"
SYMBOL "square"
SIZE 6
END
END
CLASS
NAME "Bow Tie"
EXPRESSION "2"
STYLE
COLOR "#00ff00"
END
END
CLASS
NAME "Base"
EXPRESSION "3"
STYLE
COLOR "#ff0000"
END
END
END
END